[2026-05-08T12:53:41.968Z] GET https://web-ekjzjt8af-sonny1988s-projects.vercel.app/ → pending (?ms, ?B)
[2026-05-08T12:53:44.923Z] GET https://vercel.com/sso-api?url=https%3A%2F%2Fweb-ekjzjt8af-sonny1988s-projects.vercel.app%2F&nonce=66841e1b0bfab19e4d24ff0ffa1171e80230b1cfba29453255ca7dfdf3503cfb → pending (?ms, ?B)
[2026-05-08T12:53:44.924Z] GET https://web-ekjzjt8af-sonny1988s-projects.vercel.app/.well-known/vercel-user-meta → 204 (37ms, ?B)
[2026-05-08T12:53:44.961Z] GET https://web-ekjzjt8af-sonny1988s-projects.vercel.app/.well-known/vercel-user-meta → 204 (27ms, ?B)
[2026-05-08T12:53:44.988Z] GET https://web-ekjzjt8af-sonny1988s-projects.vercel.app/.well-known/vercel-user-meta → 204 (29ms, ?B)
[2026-05-08T12:53:45.018Z] GET https://web-ekjzjt8af-sonny1988s-projects.vercel.app/.well-known/vercel-user-meta → 204 (30ms, ?B)
[2026-05-08T12:53:45.048Z] GET https://web-ekjzjt8af-sonny1988s-projects.vercel.app/.well-known/vercel-user-meta → 204 (27ms, ?B)
[2026-05-08T12:53:45.075Z] GET https://web-ekjzjt8af-sonny1988s-projects.vercel.app/.well-known/vercel-user-meta → 204 (47ms, ?B)
[2026-05-08T12:53:45.122Z] GET https://web-ekjzjt8af-sonny1988s-projects.vercel.app/.well-known/vercel-user-meta → 204 (27ms, ?B)
[2026-05-08T12:53:45.149Z] GET https://web-ekjzjt8af-sonny1988s-projects.vercel.app/.well-known/vercel-user-meta → 204 (27ms, ?B)
[2026-05-08T12:53:45.176Z] GET https://web-ekjzjt8af-sonny1988s-projects.vercel.app/.well-known/vercel-user-meta → 204 (29ms, ?B)
[2026-05-08T12:53:45.205Z] GET https://web-ekjzjt8af-sonny1988s-projects.vercel.app/.well-known/vercel-user-meta → 204 (26ms, ?B)
[2026-05-08T12:53:45.231Z] GET https://web-ekjzjt8af-sonny1988s-projects.vercel.app/.well-known/vercel-user-meta → 204 (28ms, ?B)
[2026-05-08T12:53:45.259Z] GET https://web-ekjzjt8af-sonny1988s-projects.vercel.app/.well-known/vercel-user-meta → pending (?ms, ?B)
[2026-05-08T12:53:45.288Z] GET https://web-ekjzjt8af-sonny1988s-projects.vercel.app/.well-known/vercel-user-meta → 204 (28ms, ?B)
[2026-05-08T12:53:45.316Z] GET https://web-ekjzjt8af-sonny1988s-projects.vercel.app/.well-known/vercel-user-meta → 204 (28ms, ?B)
[2026-05-08T12:53:45.344Z] GET https://vercel.com/login?next=%2Fsso-api%3Furl%3Dhttps%253A%252F%252Fweb-ekjzjt8af-sonny1988s-projects.vercel.app%252F%26nonce%3D66841e1b0bfab19e4d24ff0ffa1171e80230b1cfba29453255ca7dfdf3503cfb → 200 (45ms, 245480B)
[2026-05-08T12:53:45.344Z] GET https://web-ekjzjt8af-sonny1988s-projects.vercel.app/.well-known/vercel-user-meta → 204 (27ms, ?B)
[2026-05-08T12:53:45.371Z] GET https://web-ekjzjt8af-sonny1988s-projects.vercel.app/.well-known/vercel-user-meta → pending (?ms, ?B)
[2026-05-08T12:53:45.422Z] GET https://vercel.com/_next/static/media/797e433ab948586e.p.3f30ggp2vw8zj.woff2?dpl=dpl_CCG7Tk2ES3b3Z7VP7qn3yjZknMHc → 200 (67ms, 31288B)
[2026-05-08T12:53:45.422Z] GET https://vercel.com/_next/static/media/caa3a2e1cccd8315.p.400zotvijr2rn.woff2?dpl=dpl_CCG7Tk2ES3b3Z7VP7qn3yjZknMHc → 200 (212ms, 28388B)
[2026-05-08T12:53:45.422Z] GET https://vercel.com/_next/static/chunks/3_1zybxyniy4m.css?dpl=dpl_CCG7Tk2ES3b3Z7VP7qn3yjZknMHc → 200 (56ms, 117775B)
[2026-05-08T12:53:45.422Z] GET https://vercel.com/_next/static/chunks/0sm0efyddtcr5.css?dpl=dpl_CCG7Tk2ES3b3Z7VP7qn3yjZknMHc → 200 (48ms, 84600B)
[2026-05-08T12:53:45.422Z] GET https://vercel.com/_next/static/chunks/2zajbvsm-en85.css?dpl=dpl_CCG7Tk2ES3b3Z7VP7qn3yjZknMHc → 200 (36ms, 6571B)
[2026-05-08T12:53:45.422Z] GET https://vercel.com/_next/static/chunks/0pv8wsqvuz2-6.css?dpl=dpl_CCG7Tk2ES3b3Z7VP7qn3yjZknMHc → 200 (46ms, 619476B)
[2026-05-08T12:53:45.422Z] GET https://vercel.com/_next/static/chunks/0ud98a__2nzsr.css?dpl=dpl_CCG7Tk2ES3b3Z7VP7qn3yjZknMHc → 200 (36ms, 24440B)
[2026-05-08T12:53:45.422Z] GET https://vercel.com/_next/static/chunks/33469vnvjgpug.css?dpl=dpl_CCG7Tk2ES3b3Z7VP7qn3yjZknMHc → 200 (35ms, 121146B)
[2026-05-08T12:53:45.422Z] GET https://vercel.com/_next/static/chunks/1oaz0y8cgbcsk.css?dpl=dpl_CCG7Tk2ES3b3Z7VP7qn3yjZknMHc → 200 (37ms, 118544B)
[2026-05-08T12:53:45.422Z] GET https://vercel.com/_next/static/chunks/0028m5urs0vas.css?dpl=dpl_CCG7Tk2ES3b3Z7VP7qn3yjZknMHc → 200 (44ms, 283B)
[2026-05-08T12:53:45.422Z] GET https://vercel.com/_next/static/chunks/2z__kcirc_gux.css?dpl=dpl_CCG7Tk2ES3b3Z7VP7qn3yjZknMHc → 200 (56ms, 110097B)
[2026-05-08T12:53:45.423Z] GET https://vercel.com/_next/static/chunks/1v_8r66iwd1n-.js?dpl=dpl_CCG7Tk2ES3b3Z7VP7qn3yjZknMHc → 200 (162ms, 28686B)
[2026-05-08T12:53:45.423Z] GET https://vercel.com/_next/static/chunks/01bes1bs_fzhv.js?dpl=dpl_CCG7Tk2ES3b3Z7VP7qn3yjZknMHc → 200 (301ms, 42066B)
[2026-05-08T12:53:45.423Z] GET https://vercel.com/_next/static/chunks/0_-1mx85napdj.js?dpl=dpl_CCG7Tk2ES3b3Z7VP7qn3yjZknMHc → 200 (201ms, 26938B)
[2026-05-08T12:53:45.423Z] GET https://vercel.com/_next/static/chunks/13exvavna5f3m.js?dpl=dpl_CCG7Tk2ES3b3Z7VP7qn3yjZknMHc → 200 (310ms, 257698B)
[2026-05-08T12:53:45.424Z] GET https://vercel.com/_next/static/chunks/0d1dcf6di9bs1.js?dpl=dpl_CCG7Tk2ES3b3Z7VP7qn3yjZknMHc → 200 (301ms, 56188B)
[2026-05-08T12:53:45.424Z] GET https://vercel.com/_next/static/chunks/2kod2uh7gvux9.js?dpl=dpl_CCG7Tk2ES3b3Z7VP7qn3yjZknMHc → 200 (305ms, 102789B)
[2026-05-08T12:53:45.424Z] GET https://vercel.com/_next/static/chunks/turbopack-1zjjvacx0jp8x.js?dpl=dpl_CCG7Tk2ES3b3Z7VP7qn3yjZknMHc → 200 (210ms, 11354B)
[2026-05-08T12:53:45.424Z] GET https://vercel.com/_next/static/chunks/2qz1wt1ej07c_.js?dpl=dpl_CCG7Tk2ES3b3Z7VP7qn3yjZknMHc → 200 (266ms, 46451B)
[2026-05-08T12:53:45.424Z] GET https://vercel.com/_next/static/chunks/0g2lt5x6scl4h.js?dpl=dpl_CCG7Tk2ES3b3Z7VP7qn3yjZknMHc → 200 (308ms, 18240B)
[2026-05-08T12:53:45.424Z] GET https://vercel.com/_next/static/chunks/1r8d9xlfsuwrz.js?dpl=dpl_CCG7Tk2ES3b3Z7VP7qn3yjZknMHc → 200 (207ms, 22395B)
[2026-05-08T12:53:45.424Z] GET https://vercel.com/_next/static/chunks/3r2_akf_iws7f.js?dpl=dpl_CCG7Tk2ES3b3Z7VP7qn3yjZknMHc → 200 (303ms, 8369B)
[2026-05-08T12:53:45.424Z] GET https://vercel.com/_next/static/chunks/2cfmuply4l903.js?dpl=dpl_CCG7Tk2ES3b3Z7VP7qn3yjZknMHc → 200 (267ms, 24968B)
[2026-05-08T12:53:45.424Z] GET https://vercel.com/_next/static/chunks/1xfru-a1b8d9d.js?dpl=dpl_CCG7Tk2ES3b3Z7VP7qn3yjZknMHc → 200 (301ms, 26759B)
[2026-05-08T12:53:45.424Z] GET https://vercel.com/_next/static/chunks/10oroyo9yk2b2.js?dpl=dpl_CCG7Tk2ES3b3Z7VP7qn3yjZknMHc → 200 (267ms, 45576B)
[2026-05-08T12:53:45.424Z] GET https://vercel.com/_next/static/chunks/2i1vh53bgynqr.js?dpl=dpl_CCG7Tk2ES3b3Z7VP7qn3yjZknMHc → 200 (308ms, 93827B)
[2026-05-08T12:53:45.424Z] GET https://vercel.com/_next/static/chunks/3r2m6tpry5pew.js?dpl=dpl_CCG7Tk2ES3b3Z7VP7qn3yjZknMHc → 200 (294ms, 37633B)
[2026-05-08T12:53:45.424Z] GET https://vercel.com/_next/static/chunks/3pud481602m2i.js?dpl=dpl_CCG7Tk2ES3b3Z7VP7qn3yjZknMHc → 200 (294ms, 18209B)
[2026-05-08T12:53:45.424Z] GET https://vercel.com/_next/static/chunks/3rfrfrr-nx9ci.js?dpl=dpl_CCG7Tk2ES3b3Z7VP7qn3yjZknMHc → 200 (297ms, 25670B)
[2026-05-08T12:53:45.424Z] GET https://vercel.com/_next/static/chunks/24t7ioq79vccr.js?dpl=dpl_CCG7Tk2ES3b3Z7VP7qn3yjZknMHc → 200 (313ms, 36133B)
[2026-05-08T12:53:45.424Z] GET https://vercel.com/_next/static/chunks/2zdlk5_nhc8v7.js?dpl=dpl_CCG7Tk2ES3b3Z7VP7qn3yjZknMHc → 200 (301ms, 43211B)
[2026-05-08T12:53:45.424Z] GET https://vercel.com/_next/static/chunks/1y92w611tqxon.js?dpl=dpl_CCG7Tk2ES3b3Z7VP7qn3yjZknMHc → 200 (300ms, 33648B)
[2026-05-08T12:53:45.424Z] GET https://vercel.com/_next/static/chunks/326trhngz3dmj.js?dpl=dpl_CCG7Tk2ES3b3Z7VP7qn3yjZknMHc → 200 (297ms, 34097B)
[2026-05-08T12:53:45.424Z] GET https://vercel.com/_next/static/chunks/34zhvpdx0lmdf.js?dpl=dpl_CCG7Tk2ES3b3Z7VP7qn3yjZknMHc → 200 (312ms, 210216B)
[2026-05-08T12:53:45.424Z] GET https://vercel.com/_next/static/chunks/2bj8-t29ys3b1.js?dpl=dpl_CCG7Tk2ES3b3Z7VP7qn3yjZknMHc → 200 (273ms, 171248B)
[2026-05-08T12:53:45.426Z] GET https://vercel.com/_next/static/chunks/0jvo190cl_hrw.js?dpl=dpl_CCG7Tk2ES3b3Z7VP7qn3yjZknMHc → 200 (299ms, 23749B)
[2026-05-08T12:53:45.426Z] GET https://vercel.com/_next/static/chunks/36gc4mcrvo92d.js?dpl=dpl_CCG7Tk2ES3b3Z7VP7qn3yjZknMHc → 200 (310ms, 62470B)
[2026-05-08T12:53:45.426Z] GET https://vercel.com/_next/static/chunks/3ef2kl0ed7e6i.js?dpl=dpl_CCG7Tk2ES3b3Z7VP7qn3yjZknMHc → 200 (300ms, 74817B)
[2026-05-08T12:53:45.426Z] GET https://vercel.com/_next/static/chunks/0_ysj-sbs5q30.js?dpl=dpl_CCG7Tk2ES3b3Z7VP7qn3yjZknMHc → 200 (299ms, 34069B)
[2026-05-08T12:53:45.426Z] GET https://vercel.com/_next/static/chunks/2cxqnzos-lhc0.js?dpl=dpl_CCG7Tk2ES3b3Z7VP7qn3yjZknMHc → 200 (310ms, 167136B)
[2026-05-08T12:53:45.426Z] GET https://vercel.com/_next/static/chunks/1xl696jo38u4-.js?dpl=dpl_CCG7Tk2ES3b3Z7VP7qn3yjZknMHc → 200 (297ms, 32379B)
[2026-05-08T12:53:45.426Z] GET https://vercel.com/_next/static/chunks/053sqmi31hkre.js?dpl=dpl_CCG7Tk2ES3b3Z7VP7qn3yjZknMHc → 200 (311ms, 26314B)
[2026-05-08T12:53:45.426Z] GET https://vercel.com/_next/static/chunks/08bbjrgalhaeq.js?dpl=dpl_CCG7Tk2ES3b3Z7VP7qn3yjZknMHc → 200 (297ms, 18710B)
[2026-05-08T12:53:45.426Z] GET https://vercel.com/_next/static/chunks/2n2owirm9bnk-.js?dpl=dpl_CCG7Tk2ES3b3Z7VP7qn3yjZknMHc → 200 (306ms, 67698B)
[2026-05-08T12:53:45.426Z] GET https://vercel.com/_next/static/chunks/2ve-me1h61et1.js?dpl=dpl_CCG7Tk2ES3b3Z7VP7qn3yjZknMHc → 200 (303ms, 43376B)
[2026-05-08T12:53:45.426Z] GET https://vercel.com/_next/static/chunks/1nl4z9-x90y2i.js?dpl=dpl_CCG7Tk2ES3b3Z7VP7qn3yjZknMHc → 200 (276ms, 35095B)
[2026-05-08T12:53:45.426Z] GET https://vercel.com/_next/static/chunks/1g11otzqezu-d.js?dpl=dpl_CCG7Tk2ES3b3Z7VP7qn3yjZknMHc → 200 (311ms, 20973B)
[2026-05-08T12:53:45.426Z] GET https://vercel.com/_next/static/chunks/3tkgc04i-rcdv.js?dpl=dpl_CCG7Tk2ES3b3Z7VP7qn3yjZknMHc → 200 (311ms, 30362B)
[2026-05-08T12:53:45.426Z] GET https://vercel.com/_next/static/chunks/1ab38dsx4xe6o.js?dpl=dpl_CCG7Tk2ES3b3Z7VP7qn3yjZknMHc → 200 (306ms, 41665B)
[2026-05-08T12:53:45.426Z] GET https://vercel.com/_next/static/chunks/29py-4i7bvats.js?dpl=dpl_CCG7Tk2ES3b3Z7VP7qn3yjZknMHc → 200 (296ms, 142519B)
[2026-05-08T12:53:45.426Z] GET https://vercel.com/_next/static/chunks/2tv6avop16vkl.js?dpl=dpl_CCG7Tk2ES3b3Z7VP7qn3yjZknMHc → 200 (303ms, 7398B)
[2026-05-08T12:53:45.426Z] GET https://vercel.com/_next/static/chunks/2d6zh23oo31r0.js?dpl=dpl_CCG7Tk2ES3b3Z7VP7qn3yjZknMHc → 200 (297ms, 26557B)
[2026-05-08T12:53:45.426Z] GET https://vercel.com/_next/static/chunks/09wdk00p73zt9.js?dpl=dpl_CCG7Tk2ES3b3Z7VP7qn3yjZknMHc → 200 (307ms, 23763B)
[2026-05-08T12:53:45.426Z] GET https://vercel.com/_next/static/chunks/34yu6wg6e-683.js?dpl=dpl_CCG7Tk2ES3b3Z7VP7qn3yjZknMHc → 200 (306ms, 24695B)
[2026-05-08T12:53:45.426Z] GET https://vercel.com/_next/static/chunks/3la4umtzyvbyp.js?dpl=dpl_CCG7Tk2ES3b3Z7VP7qn3yjZknMHc → 200 (303ms, 26021B)
[2026-05-08T12:53:45.426Z] GET https://vercel.com/_next/static/chunks/2kgbhogn7qnna.js?dpl=dpl_CCG7Tk2ES3b3Z7VP7qn3yjZknMHc → 200 (310ms, 25816B)
[2026-05-08T12:53:45.426Z] GET https://vercel.com/_next/static/chunks/3_7uzebhepre8.js?dpl=dpl_CCG7Tk2ES3b3Z7VP7qn3yjZknMHc → 200 (303ms, 42071B)
[2026-05-08T12:53:45.426Z] GET https://vercel.com/_next/static/chunks/3op3fspeh9z9p.js?dpl=dpl_CCG7Tk2ES3b3Z7VP7qn3yjZknMHc → 200 (304ms, 48695B)
[2026-05-08T12:53:45.426Z] GET https://vercel.com/_next/static/chunks/0jnxqzcxy5h-w.js?dpl=dpl_CCG7Tk2ES3b3Z7VP7qn3yjZknMHc → 200 (307ms, 30980B)
[2026-05-08T12:53:45.426Z] GET https://vercel.com/_next/static/chunks/2uyzddmz1snp8.js?dpl=dpl_CCG7Tk2ES3b3Z7VP7qn3yjZknMHc → 200 (310ms, 34678B)
[2026-05-08T12:53:45.426Z] GET https://vercel.com/_next/static/chunks/04v5_n50303hd.js?dpl=dpl_CCG7Tk2ES3b3Z7VP7qn3yjZknMHc → 200 (301ms, 35246B)
[2026-05-08T12:53:45.426Z] GET https://vercel.com/_next/static/chunks/121qui0vb8-g1.js?dpl=dpl_CCG7Tk2ES3b3Z7VP7qn3yjZknMHc → 200 (303ms, 42996B)
[2026-05-08T12:53:45.426Z] GET https://vercel.com/_next/static/chunks/0oxhcyyvtaj2r.js?dpl=dpl_CCG7Tk2ES3b3Z7VP7qn3yjZknMHc → 200 (310ms, 81058B)
[2026-05-08T12:53:45.426Z] GET https://vercel.com/_next/static/chunks/2k9bufujar32x.js?dpl=dpl_CCG7Tk2ES3b3Z7VP7qn3yjZknMHc → 200 (303ms, 67159B)
[2026-05-08T12:53:45.426Z] GET https://vercel.com/_next/static/chunks/16x915i9nsfmd.js?dpl=dpl_CCG7Tk2ES3b3Z7VP7qn3yjZknMHc → 200 (307ms, 21149B)
[2026-05-08T12:53:45.426Z] GET https://vercel.com/_next/static/chunks/2kadg1o66mgp7.js?dpl=dpl_CCG7Tk2ES3b3Z7VP7qn3yjZknMHc → 200 (301ms, 24918B)
[2026-05-08T12:53:45.426Z] GET https://vercel.com/_next/static/chunks/1h5znjv_4tbs4.js?dpl=dpl_CCG7Tk2ES3b3Z7VP7qn3yjZknMHc → 200 (307ms, 21793B)
[2026-05-08T12:53:45.426Z] GET https://vercel.com/_next/static/chunks/0s468zwd_max4.js?dpl=dpl_CCG7Tk2ES3b3Z7VP7qn3yjZknMHc → 200 (307ms, 23973B)
[2026-05-08T12:53:45.426Z] GET https://vercel.com/_next/static/chunks/0qewycwdr2udb.js?dpl=dpl_CCG7Tk2ES3b3Z7VP7qn3yjZknMHc → 200 (301ms, 32398B)
[2026-05-08T12:53:45.426Z] GET https://vercel.com/_next/static/chunks/296du8e1u2p5x.js?dpl=dpl_CCG7Tk2ES3b3Z7VP7qn3yjZknMHc → 200 (306ms, 30562B)
[2026-05-08T12:53:45.426Z] GET https://vercel.com/_next/static/chunks/3ugsxoe3slcji.js?dpl=dpl_CCG7Tk2ES3b3Z7VP7qn3yjZknMHc → 200 (301ms, 43527B)
[2026-05-08T12:53:45.426Z] GET https://vercel.com/_next/static/chunks/2ir9llz4wptgn.js?dpl=dpl_CCG7Tk2ES3b3Z7VP7qn3yjZknMHc → 200 (307ms, 53264B)
[2026-05-08T12:53:45.426Z] GET https://vercel.com/_next/static/chunks/0oh93xd2ot3s1.js?dpl=dpl_CCG7Tk2ES3b3Z7VP7qn3yjZknMHc → 200 (312ms, 46479B)
[2026-05-08T12:53:45.426Z] GET https://vercel.com/_next/static/chunks/17fdm99gwqh3i.js?dpl=dpl_CCG7Tk2ES3b3Z7VP7qn3yjZknMHc → 200 (311ms, 161498B)
[2026-05-08T12:53:45.426Z] GET https://vercel.com/_next/static/chunks/1zup0xfkp7d_i.js?dpl=dpl_CCG7Tk2ES3b3Z7VP7qn3yjZknMHc → 200 (307ms, 105477B)
[2026-05-08T12:53:45.426Z] GET https://vercel.com/_next/static/chunks/3d-z1fnwvm1xv.js?dpl=dpl_CCG7Tk2ES3b3Z7VP7qn3yjZknMHc → 200 (303ms, 6167B)
[2026-05-08T12:53:45.426Z] GET https://vercel.com/_next/static/chunks/1yd_canh-fkbr.css?dpl=dpl_CCG7Tk2ES3b3Z7VP7qn3yjZknMHc → 200 (44ms, 48229B)
[2026-05-08T12:53:45.690Z] GET https://k2mkucxia43oc7fa.public.blob.vercel-storage.com/front/fonts/space-mono/space-mono-v11-latin-regular.woff2 → pending (?ms, ?B)
[2026-05-08T12:53:45.902Z] GET https://accounts.google.com/gsi/client → 200 (237ms, 264737B)
[2026-05-08T12:53:46.139Z] GET https://vercel.com/_next/static/chunks/1htjx1qn48vay.js?dpl=dpl_CCG7Tk2ES3b3Z7VP7qn3yjZknMHc → 200 (20ms, 15111B)
[2026-05-08T12:53:46.610Z] GET https://vercel.com/_next/static/chunks/2veftctnsu681.js?dpl=dpl_CCG7Tk2ES3b3Z7VP7qn3yjZknMHc → 200 (9ms, 10100B)
[2026-05-08T12:53:46.610Z] GET https://vercel.com/_next/static/chunks/0rkurb0lq4tng.js?dpl=dpl_CCG7Tk2ES3b3Z7VP7qn3yjZknMHc → 200 (9ms, 42071B)
[2026-05-08T12:53:46.611Z] GET https://vercel.com/.well-known/vercel/microfrontends/client-config → 200 (10ms, 7156B)
[2026-05-08T12:53:46.611Z] GET https://cdn1.vercel.com/vercel.svg → 200 (9ms, 128B)
[2026-05-08T12:53:46.611Z] GET https://cdn2.vercel.com/vercel.svg → 200 (9ms, 128B)
[2026-05-08T12:53:46.611Z] POST https://vercel.com/api/jwt → 403 (42ms, 12B)
[2026-05-08T12:53:46.611Z] GET https://vercel.com/.well-known/vercel/microfrontends/client-config → 200 (8ms, 7156B)
[2026-05-08T12:53:46.611Z] GET https://vercel.com/_next/static/chunks/3w56n7xjiz-fd.js?dpl=dpl_CCG7Tk2ES3b3Z7VP7qn3yjZknMHc → 200 (44ms, 14948B)
[2026-05-08T12:53:46.611Z] GET https://vercel.com/_next/static/chunks/36cmz4iavl2xq.js?dpl=dpl_CCG7Tk2ES3b3Z7VP7qn3yjZknMHc → 200 (44ms, 24012B)
[2026-05-08T12:53:46.611Z] GET https://vercel.com/_next/static/chunks/2bjx3_cx4c9bb.js?dpl=dpl_CCG7Tk2ES3b3Z7VP7qn3yjZknMHc → 200 (46ms, 35419B)
[2026-05-08T12:53:46.611Z] GET https://vercel.com/_next/static/chunks/06fpxwlx2m8oj.js?dpl=dpl_CCG7Tk2ES3b3Z7VP7qn3yjZknMHc → 200 (43ms, 29199B)
[2026-05-08T12:53:46.611Z] GET https://vercel.com/_next/static/chunks/3dyuih_b98fgq.js?dpl=dpl_CCG7Tk2ES3b3Z7VP7qn3yjZknMHc → 200 (45ms, 47158B)
[2026-05-08T12:53:46.611Z] GET https://vercel.com/_next/static/chunks/0o0uyx75x_60x.js?dpl=dpl_CCG7Tk2ES3b3Z7VP7qn3yjZknMHc → 200 (46ms, 121490B)
[2026-05-08T12:53:46.611Z] GET https://vercel.com/_next/static/chunks/3mmeerxim9do5.js?dpl=dpl_CCG7Tk2ES3b3Z7VP7qn3yjZknMHc → 200 (45ms, 29442B)
[2026-05-08T12:53:46.611Z] GET https://vercel.com/_next/static/chunks/2b_7-lkv3_fv6.js?dpl=dpl_CCG7Tk2ES3b3Z7VP7qn3yjZknMHc → 200 (45ms, 40518B)
[2026-05-08T12:53:46.611Z] GET https://vercel.com/_next/static/chunks/2fihkp2yrnbc7.js?dpl=dpl_CCG7Tk2ES3b3Z7VP7qn3yjZknMHc → 200 (43ms, 97134B)
[2026-05-08T12:53:46.611Z] GET https://vercel.com/_next/static/chunks/0hoj4kdun8-c3.css?dpl=dpl_CCG7Tk2ES3b3Z7VP7qn3yjZknMHc → 200 (?ms, 1000B)
[2026-05-08T12:53:46.611Z] GET https://vercel.com/e62b3a9e28ed8bca/script.js → 200 (46ms, 2495B)
[2026-05-08T12:53:46.611Z] GET https://vercel.com/3628f7ea4ecd82e3/script.js → 200 (46ms, 12567B)
[2026-05-08T12:53:46.611Z] POST https://vercel.com/api/stream/internal → 200 (326ms, 55B)
[2026-05-08T12:53:46.648Z] GET https://accounts.google.com/gsi/style → 200 (33ms, 696B)
[2026-05-08T12:53:46.648Z] POST https://accounts.google.com/gsi/log?client_id=258013614557-nema0dumfbottebi6to7aqi85qot9pvs.apps.googleusercontent.com&as=fUEvonQ5a2LtWurEL8BFprQvkyfTHyMWXWH6bSqKCWY&bs=5RG34Bs8u5hn51nlhWRW%2FroxZ8yM9wCVuHsYOGlXLi0&event=onetap.card.prompt.apiCall&enable_itp_optimization=1 → 200 (122ms, ?B)
[2026-05-08T12:53:46.653Z] GET https://google.com/.well-known/web-identity → 200 (208ms, 218B)
[2026-05-08T12:53:46.653Z] GET https://accounts.google.com/gsi/fedcm.json → 200 (99ms, 1386B)
[2026-05-08T12:53:46.806Z] GET https://vercel.com/signup?next=%2Fsso-api%3Furl%3Dhttps%253A%252F%252Fweb-ekjzjt8af-sonny1988s-projects.vercel.app%252F%26nonce%3D66841e1b0bfab19e4d24ff0ffa1171e80230b1cfba29453255ca7dfdf3503cfb&_rsc=_H_fFy2_Q06N8BA7 → 200 (65ms, 1417B)
[2026-05-08T12:53:46.833Z] GET https://vercel.com/_next/static/chunks/104t9r1ug2s0e.js?dpl=dpl_CCG7Tk2ES3b3Z7VP7qn3yjZknMHc → 200 (47ms, 3490B)
[2026-05-08T12:53:46.833Z] GET https://vercel.com/_next/static/chunks/3ym_k98pq9yed.js?dpl=dpl_CCG7Tk2ES3b3Z7VP7qn3yjZknMHc → 200 (47ms, 150410B)
[2026-05-08T12:53:46.862Z] GET https://accounts.google.com/gsi/fedcm/listaccounts → 200 (36ms, 15B)
[2026-05-08T12:53:46.871Z] GET https://vercel.com/_next/static/media/ebay-light.3ft_ki8203ov0.svg?dpl=dpl_CCG7Tk2ES3b3Z7VP7qn3yjZknMHc → 200 (56ms, 2253B)
[2026-05-08T12:53:46.871Z] GET https://vercel.com/_next/static/media/ebay-dark.34mho2a18qqlt.svg?dpl=dpl_CCG7Tk2ES3b3Z7VP7qn3yjZknMHc → 200 (54ms, 2253B)
[2026-05-08T12:53:46.871Z] GET https://vercel.com/_next/static/media/stripe-light.2l_1jctpe6k_4.svg?dpl=dpl_CCG7Tk2ES3b3Z7VP7qn3yjZknMHc → 200 (54ms, 2731B)
[2026-05-08T12:53:46.871Z] GET https://vercel.com/_next/static/media/stripe-dark.16ozjth2vgb_3.svg?dpl=dpl_CCG7Tk2ES3b3Z7VP7qn3yjZknMHc → 200 (59ms, 2722B)
[2026-05-08T12:53:46.871Z] GET https://vercel.com/_next/static/media/adobe-light.406_7oryl71va.svg?dpl=dpl_CCG7Tk2ES3b3Z7VP7qn3yjZknMHc → 200 (52ms, 3400B)
[2026-05-08T12:53:46.879Z] GET https://vercel.com/signup?next=%2Fsso-api%3Furl%3Dhttps%253A%252F%252Fweb-ekjzjt8af-sonny1988s-projects.vercel.app%252F%26nonce%3D66841e1b0bfab19e4d24ff0ffa1171e80230b1cfba29453255ca7dfdf3503cfb&_rsc=ESMN0uHFtARRz41R → 200 (70ms, 139655B)
[2026-05-08T12:53:46.879Z] GET https://vercel.com/signup?next=%2Fsso-api%3Furl%3Dhttps%253A%252F%252Fweb-ekjzjt8af-sonny1988s-projects.vercel.app%252F%26nonce%3D66841e1b0bfab19e4d24ff0ffa1171e80230b1cfba29453255ca7dfdf3503cfb&_rsc=vMXKetKx_uNlGRnr → 200 (70ms, 75920B)
[2026-05-08T12:53:46.879Z] GET https://vercel.com/signup?_rsc=_H_fFy2_Q06N8BA7 → 200 (69ms, 1417B)
[2026-05-08T12:53:46.918Z] POST https://o205439.ingest.sentry.io/api/1323670/envelope/?sentry_key=d00780d432ac4ccf882f60dd02062e14&sentry_version=7&sentry_client=sentry.javascript.browser%2F7.111.0 → 200 (167ms, 2B)
[2026-05-08T12:53:46.959Z] GET https://vercel.com/_next/static/chunks/185jxhjsirntr.js?dpl=dpl_CCG7Tk2ES3b3Z7VP7qn3yjZknMHc → 200 (37ms, 47939B)
[2026-05-08T12:53:46.959Z] GET https://vercel.com/_next/static/chunks/3ip9ybak5o4w1.js?dpl=dpl_CCG7Tk2ES3b3Z7VP7qn3yjZknMHc → 200 (32ms, 28987B)
[2026-05-08T12:53:46.960Z] GET https://vercel.com/_next/static/chunks/1f61s9_hkn8cl.js?dpl=dpl_CCG7Tk2ES3b3Z7VP7qn3yjZknMHc → 200 (32ms, 26156B)
[2026-05-08T12:53:46.960Z] GET https://vercel.com/_next/static/chunks/225-0mp_kuco_.js?dpl=dpl_CCG7Tk2ES3b3Z7VP7qn3yjZknMHc → 200 (49ms, 103476B)
[2026-05-08T12:53:46.960Z] GET https://vercel.com/_next/static/chunks/1hxokkyovigt5.js?dpl=dpl_CCG7Tk2ES3b3Z7VP7qn3yjZknMHc → 200 (37ms, 25848B)
[2026-05-08T12:53:46.960Z] GET https://vercel.com/_next/static/chunks/30ua3l8wii6jq.js?dpl=dpl_CCG7Tk2ES3b3Z7VP7qn3yjZknMHc → 200 (50ms, 53264B)
[2026-05-08T12:53:46.960Z] GET https://vercel.com/_next/static/chunks/35j9be1fc2f64.js?dpl=dpl_CCG7Tk2ES3b3Z7VP7qn3yjZknMHc → 200 (50ms, 39458B)
[2026-05-08T12:53:46.960Z] GET https://vercel.com/_next/static/chunks/1vlu8a43ul7zy.js?dpl=dpl_CCG7Tk2ES3b3Z7VP7qn3yjZknMHc → 200 (50ms, 160140B)
[2026-05-08T12:53:46.960Z] GET https://vercel.com/_next/static/chunks/1dhjn53cr7iem.js?dpl=dpl_CCG7Tk2ES3b3Z7VP7qn3yjZknMHc → 200 (42ms, 133930B)
